#-----------------------------------------------------------
# Vivado v2014.2 (64-bit)
# SW Build 932637 on Wed Jun 11 13:33:10 MDT 2014
# IP Build 924643 on Fri May 30 09:20:16 MDT 2014
# Start of session at: Wed Aug 30 23:26:19 2023
# Process ID: 28664
# Log file: C:/Users/alan7/Documents/procesadores/monocycle/monocycle_rtl/vivado.log
# Journal file: C:/Users/alan7/Documents/procesadores/monocycle/monocycle_rtl\vivado.jou
#-----------------------------------------------------------
start_gui
open_project {C:\Users\alan7\Documents\procesadores\monocycle\monocycle_rtl\monocycle_rtl.xpr}
synth_design -rtl -name rtl_1
close [ open C:/Users/alan7/Documents/procesadores/monocycle/monocycle_rtl/monocycle_rtl.srcs/sources_1/new/sing_extension_jump.v w ]
add_files C:/Users/alan7/Documents/procesadores/monocycle/monocycle_rtl/monocycle_rtl.srcs/sources_1/new/sing_extension_jump.v
update_compile_order -fileset sources_1
update_compile_order -fileset sources_1
synth_design -rtl -name rtl_2
launch_xsim -simset sim_1 -mode behavioral
launch_xsim -simset sim_1 -mode behavioral
run 100 ns
add_wave {{/monocycle_rtl_tb/prueba/ctr1}} 
restart
run 100 ns
add_wave {{/monocycle_rtl_tb/prueba/fetch1}} 
save_wave_config {C:/Users/alan7/Documents/procesadores/monocycle/monocycle_rtl\monocycle_rtl_tb_behav2.wcfg}
launch_xsim -simset sim_1 -mode behavioral
launch_xsim -simset sim_1 -mode behavioral
refresh_design
launch_xsim -simset sim_1 -mode behavioral
run 100 ns
restart
run 100 ns
run 100 ns
restart
run 100 ns
run 100 ns
restart
run 100 ns
run 100 ns
restart
run 100 ns
run 100 ns
save_wave_config {C:/Users/alan7/Documents/procesadores/monocycle/monocycle_rtl\monocycle_rtl_tb_behav.wcfg}
launch_xsim -simset sim_1 -mode behavioral
run 100 ns
run 100 ns
run 100 ns
restart
run 100 ns
run 100 ns
launch_xsim -simset sim_1 -mode behavioral
run 100 ns
add_wave {{/monocycle_rtl_tb/prueba/s_e_j}} 
restart
run 100 ns
run 100 ns
restart
run 100 ns
run 100 ns
save_wave_config {C:/Users/alan7/Documents/procesadores/monocycle/monocycle_rtl\monocycle_rtl_tb_behav2.wcfg}
launch_xsim -simset sim_1 -mode behavioral
run 100 ns
save_wave_config {C:/Users/alan7/Documents/procesadores/monocycle/monocycle_rtl\monocycle_rtl_tb_behav2.wcfg}
close_sim
