#-----------------------------------------------------------
# Vivado v2014.2 (64-bit)
# SW Build 932637 on Wed Jun 11 13:33:10 MDT 2014
# IP Build 924643 on Fri May 30 09:20:16 MDT 2014
# Start of session at: Tue Aug 22 12:43:20 2023
# Process ID: 15272
# Log file: C:/Users/alan7/Documents/procesadores/monocycle/monocycle_rtl/vivado.log
# Journal file: C:/Users/alan7/Documents/procesadores/monocycle/monocycle_rtl\vivado.jou
#-----------------------------------------------------------
start_gui
open_project {C:\Users\alan7\Documents\procesadores\monocycle\monocycle_rtl\monocycle_rtl.xpr}
update_compile_order -fileset sources_1
remove_files C:/Users/alan7/Documents/procesadores/monocycle/monocycle_rtl/monocycle_rtl.srcs/sources_1/new/unidad_control.v
synth_design -rtl -name rtl_1
launch_xsim -simset sim_1 -mode behavioral
launch_xsim -simset sim_1 -mode behavioral
launch_xsim -simset sim_1 -mode behavioral
launch_xsim -simset sim_1 -mode behavioral
restart
run 100 ns
add_wave {{/monocycle_rtl_tb/prueba/s_e}} 
restart
run 100 ns
restart
run 100 ns
run 100 ns
save_wave_config {C:/Users/alan7/Documents/procesadores/monocycle/monocycle_rtl\monocycle_rtl_tb_behav.wcfg}
save_wave_config {C:/Users/alan7/Documents/procesadores/monocycle/monocycle_rtl\monocycle_rtl_tb_behav.wcfg}
save_wave_config {C:/Users/alan7/Documents/procesadores/monocycle/monocycle_rtl\monocycle_rtl_tb_behav.wcfg}
close_sim
